// Jest Snapshot v1, https://goo.gl/fbAQLP

exports[`Get filtered rows of dataset with simple "and" filter 1`] = `
[
  [
    "Alfred",
    "M",
    14,
  ],
  [
    "Henry",
    "M",
    14,
  ],
  [
    "Philip",
    "M",
    16,
  ],
  [
    "Ronald",
    "M",
    15,
  ],
  [
    "William",
    "M",
    15,
  ],
]
`;
