// Jest Snapshot v1, https://goo.gl/fbAQLP

exports[`Get metadata 1`] = `
{
  "columns": [
    {
      "dataType": "string",
      "itemOID": "IT.Name",
      "label": "Name",
      "length": 8,
      "name": "Name",
    },
    {
      "dataType": "string",
      "itemOID": "IT.Sex",
      "label": "Sex",
      "length": 1,
      "name": "Sex",
    },
    {
      "dataType": "double",
      "displayFormat": "F4",
      "itemOID": "IT.Age",
      "label": "Age",
      "length": 8,
      "name": "Age",
    },
    {
      "dataType": "double",
      "displayFormat": "F8",
      "itemOID": "IT.Height",
      "label": "Height",
      "length": 8,
      "name": "Height",
    },
    {
      "dataType": "double",
      "itemOID": "IT.Weight",
      "label": "Weight",
      "length": 8,
      "name": "Weight",
    },
  ],
  "datasetJSONCreationDateTime": "2019-09-09T13:43:00.000Z",
  "datasetJSONVersion": "",
  "dbLastModifiedDateTime": "2019-09-12T11:15:54.000Z",
  "label": "CLASS",
  "name": "sample",
  "records": 19,
}
`;

exports[`Get metadata for dataset with label 1`] = `
{
  "columns": [
    {
      "dataType": "string",
      "itemOID": "IT.ID",
      "label": "ID",
      "length": 8,
      "name": "ID",
    },
    {
      "dataType": "string",
      "displayFormat": "$A",
      "itemOID": "IT.SEXA",
      "label": "SEXA",
      "length": 8,
      "name": "SEXA",
    },
    {
      "dataType": "string",
      "displayFormat": "$B",
      "itemOID": "IT.SEXB",
      "label": "SEXB",
      "length": 8,
      "name": "SEXB",
    },
  ],
  "datasetJSONCreationDateTime": "2018-08-16T09:14:00.000Z",
  "datasetJSONVersion": "",
  "dbLastModifiedDateTime": "2018-08-16T09:14:00.000Z",
  "label": "mytest label",
  "name": "TEST_DATA",
  "records": 3,
}
`;

exports[`Get metadata for dataset with label 2 1`] = `
{
  "columns": [
    {
      "dataType": "string",
      "itemOID": "IT.STUDYID",
      "label": "Study Identifier",
      "length": 12,
      "name": "STUDYID",
    },
    {
      "dataType": "string",
      "itemOID": "IT.DOMAIN",
      "label": "Domain Abbreviation",
      "length": 2,
      "name": "DOMAIN",
    },
    {
      "dataType": "string",
      "itemOID": "IT.USUBJID",
      "label": "Unique Subject Identifier",
      "length": 8,
      "name": "USUBJID",
    },
    {
      "dataType": "double",
      "itemOID": "IT.FTSEQ",
      "label": "Sequence Number",
      "length": 8,
      "name": "FTSEQ",
    },
    {
      "dataType": "string",
      "itemOID": "IT.FTTESTCD",
      "label": "Short Name of Test",
      "length": 7,
      "name": "FTTESTCD",
    },
    {
      "dataType": "string",
      "itemOID": "IT.FTTEST",
      "label": "Name of Test",
      "length": 23,
      "name": "FTTEST",
    },
    {
      "dataType": "string",
      "itemOID": "IT.FTCAT",
      "label": "Category",
      "length": 8,
      "name": "FTCAT",
    },
    {
      "dataType": "string",
      "itemOID": "IT.FTSCAT",
      "label": "Subcategory",
      "length": 200,
      "name": "FTSCAT",
    },
    {
      "dataType": "string",
      "itemOID": "IT.FTORRES",
      "label": "Result or Finding in Original Units",
      "length": 12,
      "name": "FTORRES",
    },
    {
      "dataType": "string",
      "itemOID": "IT.FTSTRESC",
      "label": "Result or Finding in Standard Format",
      "length": 200,
      "name": "FTSTRESC",
    },
    {
      "dataType": "double",
      "itemOID": "IT.FTSTRESN",
      "label": "Numeric Result/Finding in Standard Units",
      "length": 8,
      "name": "FTSTRESN",
    },
    {
      "dataType": "string",
      "itemOID": "IT.FTLOBXFL",
      "label": "Last Observation Before Exposure Flag",
      "length": 1,
      "name": "FTLOBXFL",
    },
    {
      "dataType": "double",
      "itemOID": "IT.FTREPNUM",
      "label": "Repetition Number",
      "length": 8,
      "name": "FTREPNUM",
    },
    {
      "dataType": "double",
      "itemOID": "IT.VISITNUM",
      "label": "Visit Number",
      "length": 8,
      "name": "VISITNUM",
    },
    {
      "dataType": "string",
      "itemOID": "IT.VISIT",
      "label": "Visit Name",
      "length": 200,
      "name": "VISIT",
    },
    {
      "dataType": "string",
      "itemOID": "IT.EPOCH",
      "label": "Epoch",
      "length": 9,
      "name": "EPOCH",
    },
    {
      "dataType": "string",
      "itemOID": "IT.FTDTC",
      "label": "Date/Time of Test",
      "length": 19,
      "name": "FTDTC",
    },
    {
      "dataType": "double",
      "itemOID": "IT.FTDY",
      "label": "Study Day of Test",
      "length": 8,
      "name": "FTDY",
    },
    {
      "dataType": "string",
      "itemOID": "IT.FTTPT",
      "label": "Planned Time Point Name",
      "length": 200,
      "name": "FTTPT",
    },
    {
      "dataType": "double",
      "itemOID": "IT.FTTPTNUM",
      "label": "Planned Time Point Number",
      "length": 8,
      "name": "FTTPTNUM",
    },
    {
      "dataType": "string",
      "itemOID": "IT.FTELTM",
      "label": "Planned Elapsed Time from Time Point Ref",
      "length": 200,
      "name": "FTELTM",
    },
    {
      "dataType": "string",
      "itemOID": "IT.FTTPTREF",
      "label": "Time Point Reference",
      "length": 200,
      "name": "FTTPTREF",
    },
  ],
  "datasetJSONCreationDateTime": "2025-09-22T21:29:43.000Z",
  "datasetJSONVersion": "",
  "dbLastModifiedDateTime": "2025-09-22T21:29:43.000Z",
  "label": "Functional Tests",
  "name": "",
  "records": 4488,
}
`;
