// Jest Snapshot v1, https://goo.gl/fbAQLP

exports[`Get metadata 1`] = `
{
  "columns": [
    {
      "dataType": "string",
      "itemOID": "IT.Name",
      "label": "Name",
      "length": 8,
      "name": "Name",
    },
    {
      "dataType": "string",
      "itemOID": "IT.Sex",
      "label": "Sex",
      "length": 1,
      "name": "Sex",
    },
    {
      "dataType": "double",
      "displayFormat": "F4",
      "itemOID": "IT.Age",
      "label": "Age",
      "length": 8,
      "name": "Age",
    },
    {
      "dataType": "double",
      "displayFormat": "F8",
      "itemOID": "IT.Height",
      "label": "Height",
      "length": 8,
      "name": "Height",
    },
    {
      "dataType": "double",
      "itemOID": "IT.Weight",
      "label": "Weight",
      "length": 8,
      "name": "Weight",
    },
  ],
  "datasetJSONCreationDateTime": "2019-09-09T13:43:00.000Z",
  "datasetJSONVersion": "",
  "dbLastModifiedDateTime": "2019-09-12T11:15:54.000Z",
  "label": "",
  "name": "CLASS",
  "records": 19,
}
`;

exports[`Get metadata for dataset with label 1`] = `
{
  "columns": [
    {
      "dataType": "string",
      "itemOID": "IT.ID",
      "label": "ID",
      "length": 8,
      "name": "ID",
    },
    {
      "dataType": "string",
      "displayFormat": "$A",
      "itemOID": "IT.SEXA",
      "label": "SEXA",
      "length": 8,
      "name": "SEXA",
    },
    {
      "dataType": "string",
      "displayFormat": "$B",
      "itemOID": "IT.SEXB",
      "label": "SEXB",
      "length": 8,
      "name": "SEXB",
    },
  ],
  "datasetJSONCreationDateTime": "2018-08-16T09:14:00.000Z",
  "datasetJSONVersion": "",
  "dbLastModifiedDateTime": "2018-08-16T09:14:00.000Z",
  "label": "mytest label",
  "name": "TEST_DATA",
  "records": 3,
}
`;
